10:15 01/03/2025;Максимов;iButton_1;1;0
11:00 20/03/2025;Администратор;iButton_0;2;1
12:30 03/12/2025;Петров;iButton_2;3;0
22:45 26/03/2026;Администратор;iButton_0;4;1
22:46 26/03/2026;Администратор;iButton_1;5;1
22:50 26/03/2026;Иванов;iButton_1;5;1
22:50 26/03/2026;Администратор;iButton_0;4;1
22:54 26/03/2026;Администратор;iButton_0;4;0
22:54 26/03/2026;Администратор;iButton_0;4;1
22:59 26/03/2026;Администратор;iButton_0;4;1
08:44 27/03/2026;Администратор;iButton_0;4;1
12:01 27/03/2026;Администратор;iButton_0;4;1
12:03 27/03/2026;Администратор;iButton_0;4;1
12:04 27/03/2026;Администратор;iButton_0;4;1
12:08 27/03/2026;Администратор;iButton_0;4;1
12:09 27/03/2026;Администратор;iButton_0;4;1
12:11 27/03/2026;Администратор;iButton_0;4;1
12:12 27/03/2026;Администратор;iButton_0;4;1
12:15 27/03/2026;Администратор;iButton_0;4;1
12:16 27/03/2026;Администратор;iButton_0;4;1
12:17 27/03/2026;Иванов;iButton_1;5;0
12:17 27/03/2026;Администратор;iButton_0;4;1
12:32 27/03/2026;Администратор;iButton_0;4;1
12:36 27/03/2026;Администратор;iButton_0;4;1
12:39 27/03/2026;Администратор;iButton_0;4;1
12:47 27/03/2026;Администратор;iButton_0;4;1
12:51 27/03/2026;Администратор;iButton_0;4;1
12:54 27/03/2026;Администратор;iButton_0;4;1
12:57 27/03/2026;Администратор;iButton_0;4;1
13:13 27/03/2026;Администратор;iButton_0;4;1
13:16 27/03/2026;Администратор;iButton_0;4;1
13:25 27/03/2026;Администратор;iButton_0;4;1
13:32 27/03/2026;Администратор;iButton_0;4;1
13:33 27/03/2026;Администратор;iButton_0;4;1
13:38 27/03/2026;Администратор;iButton_0;4;1
14:03 27/03/2026;Администратор;iButton_0;4;1
14:13 27/03/2026;Администратор;iButton_0;4;1
14:15 27/03/2026;Администратор;iButton_0;4;1
14:18 27/03/2026;Администратор;iButton_0;4;1
14:20 27/03/2026;Администратор;iButton_0;4;1
14:24 27/03/2026;Администратор;iButton_0;4;1
14:26 27/03/2026;Администратор;iButton_0;4;1
14:27 27/03/2026;Администратор;iButton_0;4;1
14:31 27/03/2026;Администратор;iButton_0;4;1
14:47 27/03/2026;Администратор;iButton_0;4;1
14:52 27/03/2026;Администратор;iButton_0;4;1
14:53 27/03/2026;Администратор;iButton_0;4;1
14:59 27/03/2026;Администратор;iButton_0;4;1
15:01 27/03/2026;Администратор;iButton_0;4;1
15:04 27/03/2026;Администратор;iButton_0;4;1
15:07 27/03/2026;Администратор;iButton_0;4;1
15:09 27/03/2026;Администратор;iButton_0;4;1
15:12 27/03/2026;Администратор;iButton_0;4;1
15:14 27/03/2026;Администратор;iButton_0;4;1
15:16 27/03/2026;Администратор;iButton_0;4;1
15:20 27/03/2026;Администратор;iButton_0;4;1
15:22 27/03/2026;Администратор;iButton_0;4;1
15:23 27/03/2026;Администратор;iButton_0;4;1
15:26 27/03/2026;Администратор;iButton_0;4;1
15:27 27/03/2026;Администратор;iButton_0;4;1
15:30 27/03/2026;Администратор;iButton_0;4;1
15:32 27/03/2026;Администратор;iButton_0;4;1
18:21 27/03/2026;Администратор;iButton_0;4;1
18:25 27/03/2026;Администратор;iButton_0;4;1
09:34 28/03/2026;Администратор;iButton_0;4;1
09:41 28/03/2026;Администратор;iButton_0;4;1
10:10 28/03/2026;Администратор;iButton_0;4;1
10:31 28/03/2026;Администратор;iButton_0;4;1
10:37 28/03/2026;Иванов;iButton_1;5;0
10:38 28/03/2026;Администратор;iButton_3;4;0
10:38 28/03/2026;Администратор;iButton_0;4;1
10:52 28/03/2026;Администратор;iButton_0;4;1
10:24 07/04/2026;Администратор;iButton_0;4;1
10:24 07/04/2026;Администратор;iButton_0;4;1
10:25 07/04/2026;Администратор;iButton_0;4;1
10:27 07/04/2026;Администратор;iButton_0;4;1
11:37 07/04/2026;Администратор;iButton_0;4;1
11:38 07/04/2026;Администратор;iButton_0;4;1
11:42 07/04/2026;Администратор;iButton_0;4;1
11:44 07/04/2026;Администратор;iButton_0;4;1
11:48 07/04/2026;Администратор;iButton_0;4;1
11:50 07/04/2026;Maksimov;iButton_1;5;0
11:50 07/04/2026;Maksimov;iButton_1;5;1
11:54 07/04/2026;Maksimov;iButton_1;5;1
12:02 07/04/2026;Maksimov;iButton_1;5;1
12:02 07/04/2026;Администратор;iButton_0;4;1
12:05 07/04/2026;Maksimov;iButton_1;5;1
12:06 07/04/2026;Администратор;iButton_0;4;1
12:06 07/04/2026;Администратор;iButton_0;4;1
12:07 07/04/2026;Maksimov;iButton_1;5;0
12:22 07/04/2026;Администратор;iButton_0;4;1
12:25 07/04/2026;Администратор;iButton_0;4;1
